[ivanvotti.com/index.html]
[backblue.gif]
[fade.gif]
[index.html]
[ivanvotti.com/styles.330ee8bf251cbaa91c20.css]
[ivanvotti.com/fonts/Inter-Regular.woff2]
[ivanvotti.com/fonts/Inter-Regular.woff]
[ivanvotti.com/fonts/Inter-Medium.woff2]
[ivanvotti.com/fonts/Inter-Medium.woff]
[ivanvotti.com/fonts/Inter-SemiBold.woff2]
[ivanvotti.com/fonts/Inter-SemiBold.woff]
[ivanvotti.com/fonts/Inter-Bold.woff2]
[ivanvotti.com/fonts/Inter-Bold.woff]
[ivanvotti.com/fonts/Inter-upright.var.woff2]
[ivanvotti.com/favicons/icon-32x32b5be.png]
[ivanvotti.com/manifest.webmanifest]
[ivanvotti.com/favicons/icon-48x48b5be.png]
[ivanvotti.com/favicons/icon-57x57b5be.png]
[ivanvotti.com/favicons/icon-60x60b5be.png]
[ivanvotti.com/favicons/icon-72x72b5be.png]
[ivanvotti.com/favicons/icon-76x76b5be.png]
[ivanvotti.com/favicons/icon-96x96b5be.png]
[ivanvotti.com/favicons/icon-114x114b5be.png]
[ivanvotti.com/favicons/icon-120x120b5be.png]
[ivanvotti.com/favicons/icon-144x144b5be.png]
[ivanvotti.com/favicons/icon-152x152b5be.png]
[ivanvotti.com/favicons/icon-180x180b5be.png]
[ivanvotti.com/favicons/icon-192x192b5be.png]
[ivanvotti.com/favicons/icon-256x256b5be.png]
[ivanvotti.com/favicons/icon-384x384b5be.png]
[ivanvotti.com/favicons/icon-512x512b5be.png]
[ivanvotti.com/webpack-runtime-27caf018b8d25a35dfe0.js]
[ivanvotti.com/app-0c93850ec80aa47e58c0.js]
[ivanvotti.com/styles-e4eeb8976f772ac1d2bd.js]
[ivanvotti.com/commons-2c87ece7eca07071b1d9.js]
[ivanvotti.com/component---src-pages-index-js-54356023575c22be6264.js]
[ivanvotti.com/page-data/index/page-data.json]
[ivanvotti.com/resume.pdf]
[ivanvotti.com/static/0ac06bc0330b6b5fc461f6817714252c/c050c/hero.png]
[ivanvotti.com/static/b0837260ffc4e6131776ef9a8d8aefa4/1c471/vincent.jpg]
[ivanvotti.com/static/6c7cc6c9ead4655e892a24c6b593ff18/fca9c/vertebrolog.png]
[ivanvotti.com/static/694eabe08cd1dc177638127547a6378e/fca9c/csural.png]
[ivanvotti.com/static/ccb2ec424120520a4e18ac40fb1e12ff/fca9c/svgjar.png]
[ivanvotti.com/static/39b9460b51320636b5b4fc5bfd853dfb/fca9c/coins.png]
[ivanvotti.com/static/6ed0011702d19f4d608657ca10ab0a44/fca9c/fontastic.png]
[ivanvotti.com/static/37592e3e46f3bd96de821d94fab4e952/fca9c/svgjar-2.png]
[ivanvotti.com/static/a926d9d8ec9237806f1cd798802ad832/fca9c/things.png]
[ivanvotti.com/static/cfe0191b18ad06cd620f3e1b65c34964/56606/working.jpg]
[www.google-analytics.com/analytics.js]
[ivanvotti.com/index.html]
[ivanvotti.com/styles.330ee8bf251cbaa91c20.css]
